
> sipwar@0.1.0 build
> next build

Γû▓ Next.js 16.2.2 (Turbopack)
- Environments: .env.local

  Creating an optimized production build ...
node.exe : 
At line:1 char:1
+ & "C:\Program Files\nodejs/node.exe" "C:\Program 
Files\nodejs/node_mo ...
+ ~~~~~~~~~~~~~~~~~~~~~~~~~~~~~~~~~~~~~~~~~~~~~~~~~~~~~
~~~~~~~~~~~~~~~~
    + CategoryInfo          : NotSpecified: (:String)  
   [], RemoteException
    + FullyQualifiedErrorId : NativeCommandError
 
> Build error occurred
Error: Turbopack build failed with 1 errors:
./src/app/api/user/wishlist/route.ts:2:1
Module not found: Can't resolve '@/lib/db/connect'
  [90m1 |[0m [36mimport[0m { [33mNextResponse[0m 
} [36mfrom[0m [32m"next/server"[0m;
[31m[1m>[0m [90m2 |[0m [36mimport[0m dbConnect 
[36mfrom[0m [32m"@/lib/db/connect"[0m;
  [90m  |[0m 
[31m[1m^^^^^^^^^^^^^^^^^^^^^^^^^^^^^^^^^^^^^^^^^[0m
  [90m3 |[0m [36mimport[0m { getServerSession } 
[36mfrom[0m [32m"next-auth/next"[0m;
  [90m4 |[0m [36mimport[0m { authOptions } 
[36mfrom[0m [32m"@/lib/auth"[0m;
  [90m5 |[0m [36mimport[0m [33mWishlist[0m 
[36mfrom[0m [32m"@/lib/models/Wishlist"[0m;

Import map: aliased to relative './src/lib/db/connect' 
inside of [project]/


https://nextjs.org/docs/messages/module-not-found


    at <unknown> 
(./src/app/api/user/wishlist/route.ts:2:1)
    at <unknown> 
(https://nextjs.org/docs/messages/module-not-found)
